// Jest Snapshot v1, https://goo.gl/fbAQLP

exports[`BottomActions renders without error 1`] = `
<DocumentFragment>
  <div
    class="MuiBox-root css-1himdu3"
  >
    <div
      class="MuiContainer-root MuiContainer-maxWidthMd MuiContainer-disableGutters css-blt0bx-MuiContainer-root"
    >
      <div
        class="css-2ht33p-MuiStack-root"
      />
    </div>
  </div>
</DocumentFragment>
`;
